// Jest Snapshot v1, https://goo.gl/fbAQLP

exports[`counterScreen snapshot 1`] = `
<RCTSafeAreaView
  emulateUnlessSupported={true}
  style={
    Object {
      "backgroundColor": "#004761",
    }
  }
>
  <View
    style={
      Array [
        Object {
          "alignItems": "center",
          "backgroundColor": "#004761",
          "height": "100%",
          "justifyContent": "space-around",
          "width": "100%",
        },
      ]
    }
  >
    <View
      accessible={true}
      collapsable={false}
      focusable={true}
      onClick={[Function]}
      onResponderGrant={[Function]}
      onResponderMove={[Function]}
      onResponderRelease={[Function]}
      onResponderTerminate={[Function]}
      onResponderTerminationRequest={[Function]}
      onStartShouldSetResponder={[Function]}
      style={
        Object {
          "alignItems": "center",
          "backgroundColor": "#fff",
          "borderRadius": 24,
          "justifyContent": "center",
          "opacity": 1,
          "paddingBottom": 16,
          "paddingLeft": 16,
          "paddingRight": 16,
          "paddingTop": 16,
          "width": 160,
        }
      }
    >
      <Text
        style={
          Array [
            Object {
              "color": "#000000",
              "fontSize": 24,
              "fontWeight": "bold",
            },
          ]
        }
      >
        +1
      </Text>
    </View>
    <Text
      style={
        Array [
          Object {
            "color": "#8CD6BD",
            "fontSize": 64,
            "fontWeight": "bold",
          },
        ]
      }
    >
      0
    </Text>
    <View
      accessible={true}
      collapsable={false}
      focusable={true}
      onClick={[Function]}
      onResponderGrant={[Function]}
      onResponderMove={[Function]}
      onResponderRelease={[Function]}
      onResponderTerminate={[Function]}
      onResponderTerminationRequest={[Function]}
      onStartShouldSetResponder={[Function]}
      style={
        Object {
          "alignItems": "center",
          "backgroundColor": "#fff",
          "borderRadius": 24,
          "justifyContent": "center",
          "opacity": 1,
          "paddingBottom": 16,
          "paddingLeft": 16,
          "paddingRight": 16,
          "paddingTop": 16,
          "width": 160,
        }
      }
    >
      <Text
        style={
          Array [
            Object {
              "color": "#000000",
              "fontSize": 24,
              "fontWeight": "bold",
            },
          ]
        }
      >
        -1
      </Text>
    </View>
  </View>
</RCTSafeAreaView>
`;
