// Jest Snapshot v1, https://goo.gl/fbAQLP

exports[`<CounterScreen /> renders correctly 1`] = `
<RCTSafeAreaView
  emulateUnlessSupported={true}
  style={
    Array [
      Object {
        "backgroundColor": "#004761",
        "flexBasis": 0,
        "flexGrow": 1,
        "flexShrink": 1,
      },
    ]
  }
>
  <View
    style={
      Array [
        Object {
          "alignItems": "center",
          "display": "flex",
          "flexBasis": 0,
          "flexGrow": 1,
          "flexShrink": 1,
          "justifyContent": "center",
        },
      ]
    }
  >
    <View
      accessible={true}
      collapsable={false}
      focusable={true}
      onClick={[Function]}
      onResponderGrant={[Function]}
      onResponderMove={[Function]}
      onResponderRelease={[Function]}
      onResponderTerminate={[Function]}
      onResponderTerminationRequest={[Function]}
      onStartShouldSetResponder={[Function]}
      style={
        Object {
          "alignItems": "center",
          "backgroundColor": "white",
          "borderRadius": 24,
          "display": "flex",
          "height": 60,
          "justifyContent": "center",
          "opacity": 1,
          "width": 160,
        }
      }
    >
      <Text
        style={
          Array [
            Object {
              "fontSize": 24,
              "fontWeight": "bold",
            },
          ]
        }
      >
        -1
      </Text>
    </View>
    <Text
      style={
        Array [
          Object {
            "color": "#8CD6BD",
            "fontSize": 64,
            "fontWeight": "bold",
            "paddingVertical": 80,
          },
        ]
      }
    >
      0
    </Text>
    <View
      accessible={true}
      collapsable={false}
      focusable={true}
      onClick={[Function]}
      onResponderGrant={[Function]}
      onResponderMove={[Function]}
      onResponderRelease={[Function]}
      onResponderTerminate={[Function]}
      onResponderTerminationRequest={[Function]}
      onStartShouldSetResponder={[Function]}
      style={
        Object {
          "alignItems": "center",
          "backgroundColor": "white",
          "borderRadius": 24,
          "display": "flex",
          "height": 60,
          "justifyContent": "center",
          "opacity": 1,
          "width": 160,
        }
      }
    >
      <Text
        style={
          Array [
            Object {
              "fontSize": 24,
              "fontWeight": "bold",
            },
          ]
        }
      >
        +1
      </Text>
    </View>
  </View>
</RCTSafeAreaView>
`;
